[usermanagement.rushcard.com/activate49d9.html]
[backblue.gif]
[fade.gif]
[index.html]
[content.rushcard.com/content/images/favicon/apple-touch-icon-57x57.png]
[content.rushcard.com/content/images/favicon/apple-touch-icon-114x114.png]
[content.rushcard.com/content/images/favicon/apple-touch-icon-72x72.png]
[content.rushcard.com/content/images/favicon/apple-touch-icon-144x144.png]
[content.rushcard.com/content/images/favicon/apple-touch-icon-60x60.png]
[content.rushcard.com/content/images/favicon/apple-touch-icon-120x120.png]
[content.rushcard.com/content/images/favicon/apple-touch-icon-76x76.png]
[content.rushcard.com/content/images/favicon/apple-touch-icon-152x152.png]
[content.rushcard.com/content/images/favicon/favicon-196x196.png]
[content.rushcard.com/content/images/favicon/favicon-96x96.png]
[content.rushcard.com/content/images/favicon/favicon-32x32.png]
[content.rushcard.com/content/images/favicon/favicon-16x16.png]
[content.rushcard.com/content/images/favicon/favicon-128.png]
[content.rushcard.com/content/images/favicon/mstile-144x144.png]
[content.rushcard.com/content/images/favicon/mstile-70x70.png]
[content.rushcard.com/content/images/favicon/mstile-150x150.png]
[content.rushcard.com/content/images/favicon/mstile-310x150.png]
[content.rushcard.com/content/images/favicon/mstile-310x310.png]
[usermanagement.rushcard.com/bundles/commonstylescf99.css]
[assets.adobedtm.com/4ddf83a2c542/24fbfb1cd512/launch-07ad062ebf01.min.js]
[content.rushcard.com/Content/images/Logo/rushcard-logo.png]
[content.rushcard.com/content/images/cards/xlarge/Rushcard24K_xlarge.png]
[usermanagement.rushcard.com/Content/Images/Step1of3.png]
[www.google.com/recaptcha/api.js]
[usermanagement.rushcard.com/login.html]
[usermanagement.rushcard.com/legal/cardholder-policy-terms.html]
[usermanagement.rushcard.com/legal/privacy-policies.html]
[content.rushcard.com/content/images/disclaimer/RushCardTrademarks.png]
[content.rushcard.com/content/images/disclaimer/fdic_visa.png]
[usermanagement.rushcard.com/bundles/commonscripts43f6]
[usermanagement.rushcard.com/activate49d9.html]
[websdk.ujet.co/v1/loader/loader.js]
[usermanagement.rushcard.com/content/fonts/317b6d_0_0.eot]
[usermanagement.rushcard.com/content/fonts/317b6d_0_0d41d.eot]
[usermanagement.rushcard.com/content/fonts/317b6d_0_0.woff2]
[usermanagement.rushcard.com/content/fonts/317b6d_0_0.woff]
[usermanagement.rushcard.com/content/fonts/317b6d_0_0.ttf]
[usermanagement.rushcard.com/content/fonts/317b6d_1_0.eot]
[usermanagement.rushcard.com/content/fonts/317b6d_1_0d41d.eot]
[usermanagement.rushcard.com/content/fonts/317b6d_1_0.woff2]
[usermanagement.rushcard.com/content/fonts/317b6d_1_0.woff]
[usermanagement.rushcard.com/content/fonts/317b6d_1_0.ttf]
[usermanagement.rushcard.com/content/fonts/317b6d_2_0.eot]
[usermanagement.rushcard.com/content/fonts/317b6d_2_0d41d.eot]
[usermanagement.rushcard.com/content/fonts/317b6d_2_0.woff2]
[usermanagement.rushcard.com/content/fonts/317b6d_2_0.woff]
[usermanagement.rushcard.com/content/fonts/317b6d_2_0.ttf]
[usermanagement.rushcard.com/content/fonts/euclidflex-bolditalic-webs.eot]
[usermanagement.rushcard.com/content/fonts/euclidflex-bolditalic-websd41d.eot]
[usermanagement.rushcard.com/content/fonts/euclidflex-bolditalic-webs.woff2]
[usermanagement.rushcard.com/content/fonts/euclidflex-bolditalic-webs.woff]
[usermanagement.rushcard.com/content/fonts/euclidflex-bolditalic-webs.ttf]
[usermanagement.rushcard.com/content/fonts/fontawesome-webfont5b62.eot]
[usermanagement.rushcard.com/content/fonts/fontawesome-webfontd41d.eot]
[usermanagement.rushcard.com/content/fonts/fontawesome-webfont5b62.woff2]
[usermanagement.rushcard.com/content/fonts/fontawesome-webfont5b62.woff]
[usermanagement.rushcard.com/content/fonts/fontawesome-webfont5b62.ttf]
[usermanagement.rushcard.com/content/images/background-patterns/blue-chevron.jpg]
[usermanagement.rushcard.com/content/images/heroes/backtoschool2017/backtoschool-xs.jpg]
[usermanagement.rushcard.com/content/images/heroes/backtoschool2017/backtoschool-sm.jpg]
[usermanagement.rushcard.com/content/images/heroes/backtoschool2017/backtoschool-md.jpg]
[usermanagement.rushcard.com/content/images/heroes/backtoschool2017/backtoschool-lg.jpg]
[usermanagement.rushcard.com/content/images/heroes/backtoschool2017/backtoschool-xl.jpg]
[usermanagement.rushcard.com/content/images/heroes/powerhouse2017/powerhouse-xs.jpg]
[usermanagement.rushcard.com/content/images/heroes/powerhouse2017/powerhouse-sm.jpg]
[usermanagement.rushcard.com/content/images/heroes/powerhouse2017/powerhouse-md.jpg]
[usermanagement.rushcard.com/content/images/heroes/powerhouse2017/powerhouse-lg.jpg]
[usermanagement.rushcard.com/content/images/heroes/powerhouse2017/powerhouse-xl.jpg]
[usermanagement.rushcard.com/content/images/background-patterns/whitesquares_patterntile.jpg]
[usermanagement.rushcard.com/content/images/heroes/fallsweeps2017/fallsweeps-xs.jpg]
[usermanagement.rushcard.com/content/images/heroes/fallsweeps2017/fallsweeps-sm.jpg]
[usermanagement.rushcard.com/content/images/heroes/fallsweeps2017/fallsweeps-md.jpg]
[usermanagement.rushcard.com/content/images/heroes/fallsweeps2017/fallsweeps-lg.jpg]
[usermanagement.rushcard.com/content/images/heroes/fallsweeps2017/fallsweeps-xl.jpg]
[usermanagement.rushcard.com/content/images/heroes/holidaypromo2017/holidaypromo-xs.jpg]
[usermanagement.rushcard.com/content/images/heroes/holidaypromo2017/holidaypromo-sm.jpg]
[usermanagement.rushcard.com/content/images/heroes/holidaypromo2017/holidaypromo-md.jpg]
[usermanagement.rushcard.com/content/images/heroes/holidaypromo2017/holidaypromo-lg.jpg]
[usermanagement.rushcard.com/content/images/heroes/holidaypromo2017/holidaypromo-xl.jpg]
[usermanagement.rushcard.com/content/images/heroes/springpromo2018/springpromo2018-xs.jpg]
[usermanagement.rushcard.com/content/images/heroes/springpromo2018/springpromo2018-sm.jpg]
[usermanagement.rushcard.com/content/images/heroes/springpromo2018/springpromo2018-md.jpg]
[usermanagement.rushcard.com/content/images/heroes/springpromo2018/springpromo2018-lg.jpg]
[usermanagement.rushcard.com/content/images/heroes/springpromo2018/springpromo2018-xl.jpg]
[usermanagement.rushcard.com/content/images/activation/icon-directdeposit-small.png]
[usermanagement.rushcard.com/content/images/activation/icon-directdeposit.png]
[usermanagement.rushcard.com/content/images/activation/icon-onlineaccount-small.png]
[usermanagement.rushcard.com/content/images/activation/icon-onlineaccount.png]
[usermanagement.rushcard.com/content/images/heroes/summerpromo2018/summerpromo2018-xs.jpg]
[usermanagement.rushcard.com/content/images/heroes/summerpromo2018/summerpromo2018-sm.jpg]
[usermanagement.rushcard.com/content/images/heroes/summerpromo2018/summerpromo2018-md.jpg]
[usermanagement.rushcard.com/content/images/heroes/summerpromo2018/summerpromo2018-lg.jpg]
[usermanagement.rushcard.com/content/images/heroes/summerpromo2018/summerpromo2018-xl.jpg]
[usermanagement.rushcard.com/content/images/heroes/bts2018/bts2018-xs.jpg]
[usermanagement.rushcard.com/content/images/heroes/bts2018/bts2018-sm.jpg]
[usermanagement.rushcard.com/content/images/heroes/bts2018/bts2018-md.jpg]
[usermanagement.rushcard.com/content/images/heroes/bts2018/bts2018-lg.jpg]
[usermanagement.rushcard.com/content/images/heroes/bts2018/bts2018-xl.jpg]
[usermanagement.rushcard.com/content/images/heroes/fallpromo2018/fallpromo2018-xs.jpg]
[usermanagement.rushcard.com/content/images/heroes/fallpromo2018/fallpromo2018-sm.jpg]
[usermanagement.rushcard.com/content/images/heroes/fallpromo2018/fallpromo2018-md.jpg]
[usermanagement.rushcard.com/content/images/heroes/fallpromo2018/fallpromo2018-lg.jpg]
[usermanagement.rushcard.com/content/images/heroes/fallpromo2018/fallpromo2018-xl.jpg]
[usermanagement.rushcard.com/content/images/heroes/taxtime2019v1/taxtime2019v1-xs.jpg]
[usermanagement.rushcard.com/content/images/heroes/taxtime2019v1/taxtime2019v1-sm.jpg]
[usermanagement.rushcard.com/content/images/heroes/taxtime2019v1/taxtime2019v1-md.jpg]
[usermanagement.rushcard.com/content/images/heroes/taxtime2019v1/taxtime2019v1-lg.jpg]
[usermanagement.rushcard.com/content/images/heroes/taxtime2019v1/taxtime2019v1-xl.jpg]
[usermanagement.rushcard.com/content/images/heroes/taxtime2019v2/taxtime2019v2-xs.jpg]
[usermanagement.rushcard.com/content/images/heroes/taxtime2019v2/taxtime2019v2-sm.jpg]
[usermanagement.rushcard.com/content/images/heroes/taxtime2019v2/taxtime2019v2-md.jpg]
[usermanagement.rushcard.com/content/images/heroes/taxtime2019v2/taxtime2019v2-lg.jpg]
[usermanagement.rushcard.com/content/images/heroes/taxtime2019v2/taxtime2019v2-xl.jpg]
[usermanagement.rushcard.com/bundles/commonstylescf99.css]
[usermanagement.rushcard.com/helpers/getobjectproperty.js]
[usermanagement.rushcard.com/unable to load target-vec.js]
[usermanagement.rushcard.com/loading target-vec.js]
[assets.adobedtm.com/4ddf83a2c542/24fbfb1cd512/launch-07ad062ebf01.min.js]
[www.googletagmanager.com/gtm5445.html]
[usermanagement.rushcard.com/index.html]
[usermanagement.rushcard.com/retrieveaccountlogin.html]
[usermanagement.rushcard.com/register.html]
[usermanagement.rushcard.com/activate.html]
[usermanagement.rushcard.com/login.html]
[usermanagement.rushcard.com/legal/cardholder-policy-terms.html]
[usermanagement.rushcard.com/bundles/printstyles20cf.css]
[usermanagement.rushcard.com/legal/rushcard-metabank-combined-privacy-policies-2019-5.pdf]
[usermanagement.rushcard.com/legal/privacy-policies.html]
[usermanagement.rushcard.com/content/fonts/fontawesome-webfont5b62.svg]
[usermanagement.rushcard.com/helpers/getobjectproperty.html]
[usermanagement.rushcard.com/unable to load target-vec.html]
[usermanagement.rushcard.com/loading target-vec.html]
[usermanagement.rushcard.com/retrieveaccountlogin.html]
[usermanagement.rushcard.com/content/images/step1of2.png]
[usermanagement.rushcard.com/register.html]
[usermanagement.rushcard.com/activate.html]
[usermanagement.rushcard.com/bundles/printstyles20cf.css]
